// Jest Snapshot v1, https://goo.gl/fbAQLP

exports[`Pruebas en <GifGridItem />  should show the component 1`] = `
<div
  className="card animate_animated animate_fadeIn"
>
  <img
    alt="Titulo random"
    src="https://localhost/algo.jpg"
  />
  <p>
    Titulo random
  </p>
</div>
`;
